// Bun Snapshot v1, https://bun.sh/docs/test/snapshots

exports[`ErrorPage renders correctly 1`] = `
{
  "$$typeof": Symbol(react.test.json),
  "children": [
    {
      "$$typeof": Symbol(react.test.json),
      "children": [
        {
          "$$typeof": Symbol(react.test.json),
          "children": [
            "Oops!",
          ],
          "props": {
            "numberOfLines": 0,
            "selectable": undefined,
            "style": {
              "color": "#BD1111",
              "fontFamily": "text-bold",
              "fontSize": 16,
              "textAlign": "center",
            },
            "testID": undefined,
          },
          "type": "Text",
        },
      ],
      "props": {},
      "type": "View",
    },
    {
      "$$typeof": Symbol(react.test.json),
      "children": [
        {
          "$$typeof": Symbol(react.test.json),
          "children": [
            {
              "$$typeof": Symbol(react.test.json),
              "children": [
                "There's an error. Sorry! Our team just got a notification about the error so they can fix it as soon as possible!",
              ],
              "props": {
                "numberOfLines": 0,
                "selectable": undefined,
                "style": {
                  "color": "#1C1C1C",
                  "fontFamily": "text-regular",
                  "fontSize": 14,
                  "textAlign": "center",
                },
                "testID": undefined,
              },
              "type": "Text",
            },
          ],
          "props": {},
          "type": "View",
        },
      ],
      "props": {
        "onPointerEnter": [Function: AsyncFunction],
        "onPointerLeave": [Function: AsyncFunction],
        "style": {
          "paddingBottom": 12,
          "paddingTop": 12,
        },
        "testID": undefined,
      },
      "type": "View",
    },
    {
      "$$typeof": Symbol(react.test.json),
      "children": [
        {
          "$$typeof": Symbol(react.test.json),
          "children": [
            {
              "$$typeof": Symbol(react.test.json),
              "children": [
                "Error: Test error message",
              ],
              "props": {
                "numberOfLines": 0,
                "selectable": undefined,
                "style": {
                  "color": "#1C1C1C",
                  "fontFamily": "text-regular",
                  "fontSize": 14,
                  "textAlign": "left",
                },
                "testID": undefined,
              },
              "type": "Text",
            },
          ],
          "props": {},
          "type": "View",
        },
      ],
      "props": {
        "onPointerEnter": [Function: AsyncFunction],
        "onPointerLeave": [Function: AsyncFunction],
        "style": {
          "paddingBottom": 12,
          "paddingTop": 12,
        },
        "testID": undefined,
      },
      "type": "View",
    },
    {
      "$$typeof": Symbol(react.test.json),
      "children": [
        {
          "$$typeof": Symbol(react.test.json),
          "children": [
            {
              "$$typeof": Symbol(react.test.json),
              "children": [
                {
                  "$$typeof": Symbol(react.test.json),
                  "children": [
                    "Try again",
                  ],
                  "props": {
                    "style": {
                      "color": "#092E3A",
                      "fontSize": 16,
                      "fontWeight": "700",
                    },
                  },
                  "type": "Text",
                },
              ],
              "props": {
                "style": {
                  "flexDirection": "row",
                },
                "testID": undefined,
              },
              "type": "View",
            },
          ],
          "props": {
            "style": {
              "flexDirection": "row",
            },
            "testID": undefined,
          },
          "type": "View",
        },
      ],
      "props": {
        "accessibilityHint": "Press to perform action",
        "accessibilityLabel": "Try again",
        "accessibilityRole": "button",
        "accessibilityState": {
          "disabled": false,
        },
        "disabled": false,
        "onPress": [Function: debounced],
        "style": {
          "alignItems": "center",
          "alignSelf": "flex-start",
          "backgroundColor": "#0E9DCD",
          "borderColor": undefined,
          "borderRadius": 360,
          "borderWidth": undefined,
          "flexDirection": "column",
          "height": undefined,
          "justifyContent": "center",
          "paddingHorizontal": 20,
          "paddingVertical": 8,
          "width": "auto",
        },
        "testID": undefined,
      },
      "type": "PressableScale",
    },
  ],
  "props": {
    "onPointerEnter": [Function: AsyncFunction],
    "onPointerLeave": [Function: AsyncFunction],
    "style": {
      "alignItems": "center",
      "display": "flex",
      "flex": undefined,
      "flexDirection": "column",
      "height": "100%",
      "justifyContent": "center",
      "padding": 32,
      "width": "100%",
    },
    "testID": undefined,
  },
  "type": "View",
}
`;
