// Bun Snapshot v1, https://bun.sh/docs/test/snapshots

exports[`MobileAddressAutocomplete renders correctly with Google API key 1`] = `
{
  "$$typeof": Symbol(react.test.json),
  "children": [
    {
      "$$typeof": Symbol(react.test.json),
      "children": [
        {
          "$$typeof": Symbol(react.test.json),
          "children": [
            {
              "$$typeof": Symbol(react.test.json),
              "children": [
                "Street Address",
              ],
              "props": {
                "style": undefined,
              },
              "type": "Text",
            },
            {
              "$$typeof": Symbol(react.test.json),
              "children": [
                {
                  "$$typeof": Symbol(react.test.json),
                  "children": [
                    "Select",
                  ],
                  "props": {
                    "style": undefined,
                  },
                  "type": "Text",
                },
              ],
              "props": {
                "onPress": [Function],
                "testID": "mock-google-places-select",
              },
              "type": "Pressable",
            },
          ],
          "props": {
            "style": undefined,
            "testID": "google-places-autocomplete",
          },
          "type": "View",
        },
      ],
      "props": {
        "style": undefined,
        "testID": undefined,
      },
      "type": "View",
    },
  ],
  "props": {
    "activeOpacity": 1,
    "aria-role": "button",
    "onPress": [Function],
    "style": {
      "flex": 1,
    },
  },
  "type": "TouchableOpacity",
}
`;

exports[`MobileAddressAutocomplete renders TextField fallback without Google API key 1`] = `
{
  "$$typeof": Symbol(react.test.json),
  "children": [
    {
      "$$typeof": Symbol(react.test.json),
      "children": [
        {
          "$$typeof": Symbol(react.test.json),
          "children": [
            {
              "$$typeof": Symbol(react.test.json),
              "children": null,
              "props": {
                "accessibilityHint": "Enter text here",
                "accessibilityState": {
                  "disabled": undefined,
                },
                "aria-label": "Text input field",
                "autoCapitalize": "sentences",
                "autoCorrect": true,
                "blurOnSubmit": true,
                "enterKeyHint": undefined,
                "keyboardType": "default",
                "multiline": undefined,
                "nativeID": "address1",
                "numberOfLines": 1,
                "onBlur": [Function],
                "onChangeText": [Function],
                "onContentSizeChange": [Function],
                "onFocus": [Function],
                "onSubmitEditing": [Function],
                "placeholder": undefined,
                "placeholderTextColor": "#686868",
                "readOnly": undefined,
                "ref": [Function],
                "secureTextEntry": false,
                "style": {
                  "color": "#1C1C1C",
                  "flex": 1,
                  "fontFamily": "text",
                  "fontSize": 16,
                  "gap": 10,
                  "height": 24,
                  "paddingVertical": 0,
                  "width": "100%",
                },
                "testID": undefined,
                "textContentType": "none",
                "underlineColorAndroid": "transparent",
                "value": "",
              },
              "type": "TextInput",
            },
          ],
          "props": {
            "style": {
              "alignItems": "center",
              "flexDirection": "row",
            },
            "testID": undefined,
          },
          "type": "View",
        },
      ],
      "props": {
        "style": {
          "backgroundColor": "#FFFFFF",
          "borderColor": "#949494",
          "borderRadius": 4,
          "borderWidth": 1,
          "flexDirection": "column",
          "gap": 0,
          "overflow": "hidden",
          "paddingHorizontal": 12,
          "paddingVertical": 8,
        },
        "testID": undefined,
      },
      "type": "View",
    },
  ],
  "props": {
    "style": {
      "flexDirection": "column",
      "width": "100%",
    },
    "testID": undefined,
  },
  "type": "View",
}
`;

exports[`MobileAddressAutocomplete renders disabled state 1`] = `
{
  "$$typeof": Symbol(react.test.json),
  "children": [
    {
      "$$typeof": Symbol(react.test.json),
      "children": [
        {
          "$$typeof": Symbol(react.test.json),
          "children": [
            {
              "$$typeof": Symbol(react.test.json),
              "children": [
                "Street Address",
              ],
              "props": {
                "style": undefined,
              },
              "type": "Text",
            },
            {
              "$$typeof": Symbol(react.test.json),
              "children": [
                {
                  "$$typeof": Symbol(react.test.json),
                  "children": [
                    "Select",
                  ],
                  "props": {
                    "style": undefined,
                  },
                  "type": "Text",
                },
              ],
              "props": {
                "onPress": [Function],
                "testID": "mock-google-places-select",
              },
              "type": "Pressable",
            },
          ],
          "props": {
            "style": undefined,
            "testID": "google-places-autocomplete",
          },
          "type": "View",
        },
      ],
      "props": {
        "style": undefined,
        "testID": undefined,
      },
      "type": "View",
    },
  ],
  "props": {
    "activeOpacity": 1,
    "aria-role": "button",
    "onPress": [Function],
    "style": {
      "flex": 1,
    },
  },
  "type": "TouchableOpacity",
}
`;

exports[`MobileAddressAutocomplete renders with input value 1`] = `
{
  "$$typeof": Symbol(react.test.json),
  "children": [
    {
      "$$typeof": Symbol(react.test.json),
      "children": [
        {
          "$$typeof": Symbol(react.test.json),
          "children": [
            {
              "$$typeof": Symbol(react.test.json),
              "children": [
                "Street Address",
              ],
              "props": {
                "style": undefined,
              },
              "type": "Text",
            },
            {
              "$$typeof": Symbol(react.test.json),
              "children": [
                {
                  "$$typeof": Symbol(react.test.json),
                  "children": [
                    "Select",
                  ],
                  "props": {
                    "style": undefined,
                  },
                  "type": "Text",
                },
              ],
              "props": {
                "onPress": [Function],
                "testID": "mock-google-places-select",
              },
              "type": "Pressable",
            },
          ],
          "props": {
            "style": undefined,
            "testID": "google-places-autocomplete",
          },
          "type": "View",
        },
      ],
      "props": {
        "style": undefined,
        "testID": undefined,
      },
      "type": "View",
    },
  ],
  "props": {
    "activeOpacity": 1,
    "aria-role": "button",
    "onPress": [Function],
    "style": {
      "flex": 1,
    },
  },
  "type": "TouchableOpacity",
}
`;
