// Bun Snapshot v1, https://bun.sh/docs/test/snapshots

exports[`Signature renders correctly 1`] = `
{
  "$$typeof": Symbol(react.test.json),
  "children": [
    {
      "$$typeof": Symbol(react.test.json),
      "children": [
        {
          "$$typeof": Symbol(react.test.json),
          "children": null,
          "props": {
            "height": 180,
            "onPointerDown": [Function],
            "onPointerLeave": [Function],
            "onPointerMove": [Function],
            "onPointerUp": [Function],
            "ref": {
              "current": null,
            },
            "style": {
              "display": "block",
              "height": 180,
              "maxWidth": "100%",
              "touchAction": "none",
              "width": "100%",
            },
            "width": 300,
          },
          "type": "canvas",
        },
      ],
      "props": {
        "style": {
          "borderColor": "#949494",
          "borderWidth": 1,
          "maxWidth": 300,
          "width": "100%",
        },
        "testID": undefined,
      },
      "type": "View",
    },
    {
      "$$typeof": Symbol(react.test.json),
      "children": [
        {
          "$$typeof": Symbol(react.test.json),
          "children": [
            "Clear",
          ],
          "props": {
            "onPress": [Function],
            "style": {
              "color": "#0A7092",
              "textDecorationLine": "underline",
            },
          },
          "type": "Text",
        },
      ],
      "props": {
        "style": undefined,
        "testID": undefined,
      },
      "type": "View",
    },
  ],
  "props": {
    "style": undefined,
    "testID": undefined,
  },
  "type": "View",
}
`;
